<html>
<body>
<pre>
<h1>µVision Build Log</h1>
<h2>Project:</h2>
D:\19_20_D1\Week8\Week8.uvproj
Project File Date:  03/04/2020

<h2>Output:</h2>
Build target 'Target 1'
linking...
Program Size: Code=1684 RO-data=236 RW-data=104 ZI-data=608  
FromELF: creating hex file...
".\Week8.axf" - 0 Error(s), 0 Warning(s).
og5_7seg_hex_updown_counter.c: 1 warning, 0 errors
linking...
Program Size: Code=1684 RO-data=236 RW-data=104 ZI-data=608  
FromELF: creating hex file...
".\Week8.axf" - 0 Error(s), 1 Warning(s).
ast line of file ends without a newline
  }
prog1_7seg_4321.c: 3 warnings, 0 errors
linking...
Program Size: Code=1296 RO-data=288 RW-data=84 ZI-data=612  
FromELF: creating hex file...
".\Week8.axf" - 0 Error(s), 3 Warning(s).
