ARM Linker, 5.03 [Build 76] [MDK-ARM Lite]

==============================================================================

Section Cross References

    prog4_sub_2_128bit.o(RESET) refers to prog4_sub_2_128bit.o(mycode) for Reset_Handler
    prog4_sub_2_128bit.o(mycode) refers to prog4_sub_2_128bit.o(mydata) for DST


==============================================================================

Image Symbol Table

    Local Symbols

    Symbol Name                              Value     Ov Type        Size  Object(Section)

    RESET                                    0x00000000   Section        8  prog4_sub_2_128bit.o(RESET)
    prog4_sub_2_128bit.s                     0x00000000   Number         0  prog4_sub_2_128bit.o ABSOLUTE
    mycode                                   0x00000008   Section       96  prog4_sub_2_128bit.o(mycode)
    N1                                       0x0000003c   Data          16  prog4_sub_2_128bit.o(mycode)
    N2                                       0x0000004c   Data          16  prog4_sub_2_128bit.o(mycode)
    mydata                                   0x10000000   Section        4  prog4_sub_2_128bit.o(mydata)
    DST                                      0x10000000   Data           4  prog4_sub_2_128bit.o(mydata)

    Global Symbols

    Symbol Name                              Value     Ov Type        Size  Object(Section)

    BuildAttributes$$THM_ISAv4$P$D$K$B$S$PE$A:L22UL41UL21$X:L11$S22US41US21$IEEE1$IW$USESV6$~STKCKD$USESV7$~SHL$OSPACE$EBA8$STANDARDLIB$PRES8$EABIv2 0x00000000   Number         0  anon$$obj.o ABSOLUTE
    __Vectors                                0x00000000   Data           0  prog4_sub_2_128bit.o(RESET)
    Reset_Handler                            0x00000009   Thumb Code     0  prog4_sub_2_128bit.o(mycode)



==============================================================================

Memory Map of the image

  Image Entry point : 0x00000009

  Load Region LR_1 (Base: 0x00000000, Size: 0x0000006c, Max: 0xffffffff, ABSOLUTE)

    Execution Region ER_RO (Base: 0x00000000, Size: 0x00000068, Max: 0xffffffff, ABSOLUTE)

    Base Addr    Size         Type   Attr      Idx    E Section Name        Object

    0x00000000   0x00000008   Data   RO            1    RESET               prog4_sub_2_128bit.o
    0x00000008   0x00000060   Code   RO            2  * mycode              prog4_sub_2_128bit.o


    Execution Region ER_RW (Base: 0x10000000, Size: 0x00000004, Max: 0xffffffff, ABSOLUTE)

    Base Addr    Size         Type   Attr      Idx    E Section Name        Object

    0x10000000   0x00000004   Data   RW            3    mydata              prog4_sub_2_128bit.o


    Execution Region ER_ZI (Base: 0x10000004, Size: 0x00000000, Max: 0xffffffff, ABSOLUTE)

    **** No section assigned to this execution region ****


==============================================================================

Image component sizes


      Code (inc. data)   RO Data    RW Data    ZI Data      Debug   Object Name

        96         44          8          4          0        212   prog4_sub_2_128bit.o

    ----------------------------------------------------------------------
        96         44          8          4          0        212   Object Totals
         0          0          0          0          0          0   (incl. Generated)
         0          0          0          0          0          0   (incl. Padding)

    ----------------------------------------------------------------------
         0          0          0          0          0          0   Library Totals
         0          0          0          0          0          0   (incl. Padding)

    ----------------------------------------------------------------------

==============================================================================


      Code (inc. data)   RO Data    RW Data    ZI Data      Debug   

        96         44          8          4          0        212   Grand Totals
        96         44          8          4          0        212   ELF Image Totals
        96         44          8          4          0          0   ROM Totals

==============================================================================

    Total RO  Size (Code + RO Data)                  104 (   0.10kB)
    Total RW  Size (RW Data + ZI Data)                 4 (   0.00kB)
    Total ROM Size (Code + RO Data + RW Data)        108 (   0.11kB)

==============================================================================

