


ARM Macro Assembler    Page 1 


    1 00000000                 AREA             RESET, DATA, READONLY
    2 00000000                 EXPORT           __Vectors
    3 00000000         __Vectors
    4 00000000 10001000        DCD              0x10001000
    5 00000004 00000000        DCD              Reset_Handler
    6 00000008                 ALIGN
    7 00000008                 AREA             mycode, CODE, READONLY
    8 00000000                 ENTRY
    9 00000000                 EXPORT           Reset_Handler
   10 00000000         Reset_Handler
   11 00000000 4806            LDR              R0, =Input
   12 00000002 4907            LDR              R1, =Result
   13 00000004 6803            LDR              R3, [R0]
   14 00000006 F04F 0401       LDR              R4, =1
   15 0000000A FB04 F403 
                       UP      MUL              R4, R3
   16 0000000E 3B01            SUBS             R3, #1
   17 00000010 D1FB            BNE              UP
   18 00000012 600C            STR              R4, [R1]
   19 00000014         HERE
   20 00000014 E7FE            B                HERE
   21 00000016 00 00 00000005 
                       Input   DCD              5
   22 0000001C 00000000 
              00000000         AREA             mydata, DATA, READWRITE
   23 00000000 00000000 
                       Result  DCD              0
   24 00000004                 END
Command Line: --debug --xref --cpu=Cortex-M3 --apcs=interwork --depend=.\prog1_
iterative_factorial.d -o.\prog1_iterative_factorial.o -IC:\Keil\ARM\RV31\INC -I
C:\Keil\ARM\CMSIS\Include -IC:\Keil\ARM\Inc\NXP\LPC17xx --predefine="__EVAL SET
A 1" --list=.\prog1_iterative_factorial.lst prog1_iterative_factorial.s



ARM Macro Assembler    Page 1 Alphabetic symbol ordering
Relocatable symbols

RESET 00000000

Symbol: RESET
   Definitions
      At line 1 in file prog1_iterative_factorial.s
   Uses
      None
Comment: RESET unused
__Vectors 00000000

Symbol: __Vectors
   Definitions
      At line 3 in file prog1_iterative_factorial.s
   Uses
      At line 2 in file prog1_iterative_factorial.s
Comment: __Vectors used once
2 symbols



ARM Macro Assembler    Page 1 Alphabetic symbol ordering
Relocatable symbols

HERE 00000014

Symbol: HERE
   Definitions
      At line 19 in file prog1_iterative_factorial.s
   Uses
      At line 20 in file prog1_iterative_factorial.s
Comment: HERE used once
Input 00000018

Symbol: Input
   Definitions
      At line 21 in file prog1_iterative_factorial.s
   Uses
      At line 11 in file prog1_iterative_factorial.s
Comment: Input used once
Reset_Handler 00000000

Symbol: Reset_Handler
   Definitions
      At line 10 in file prog1_iterative_factorial.s
   Uses
      At line 5 in file prog1_iterative_factorial.s
      At line 9 in file prog1_iterative_factorial.s

UP 0000000A

Symbol: UP
   Definitions
      At line 15 in file prog1_iterative_factorial.s
   Uses
      At line 17 in file prog1_iterative_factorial.s
Comment: UP used once
mycode 00000000

Symbol: mycode
   Definitions
      At line 7 in file prog1_iterative_factorial.s
   Uses
      None
Comment: mycode unused
5 symbols



ARM Macro Assembler    Page 1 Alphabetic symbol ordering
Relocatable symbols

Result 00000000

Symbol: Result
   Definitions
      At line 23 in file prog1_iterative_factorial.s
   Uses
      At line 12 in file prog1_iterative_factorial.s
Comment: Result used once
mydata 00000000

Symbol: mydata
   Definitions
      At line 22 in file prog1_iterative_factorial.s
   Uses
      None
Comment: mydata unused
2 symbols
342 symbols in table
