ARM Linker, 5.03 [Build 76] [MDK-ARM Lite]

==============================================================================

Section Cross References

    prog5_selection_sort.o(RESET) refers to prog5_selection_sort.o(mycode) for Reset_Handler
    prog5_selection_sort.o(mycode) refers to prog5_selection_sort.o(mydata) for Result


==============================================================================

Image Symbol Table

    Local Symbols

    Symbol Name                              Value     Ov Type        Size  Object(Section)

    RESET                                    0x00000000   Section        8  prog5_selection_sort.o(RESET)
    prog5_selection_sort.s                   0x00000000   Number         0  prog5_selection_sort.o ABSOLUTE
    mycode                                   0x00000008   Section      148  prog5_selection_sort.o(mycode)
    List                                     0x00000068   Data          40  prog5_selection_sort.o(mycode)
    mydata                                   0x10000000   Section       20  prog5_selection_sort.o(mydata)
    Result                                   0x10000000   Data          20  prog5_selection_sort.o(mydata)

    Global Symbols

    Symbol Name                              Value     Ov Type        Size  Object(Section)

    BuildAttributes$$THM_ISAv4$P$D$K$B$S$PE$A:L22UL41UL21$X:L11$S22US41US21$IEEE1$IW$USESV6$~STKCKD$USESV7$~SHL$OSPACE$EBA8$STANDARDLIB$PRES8$EABIv2 0x00000000   Number         0  anon$$obj.o ABSOLUTE
    __Vectors                                0x00000000   Data           0  prog5_selection_sort.o(RESET)
    Reset_Handler                            0x00000009   Thumb Code     0  prog5_selection_sort.o(mycode)



==============================================================================

Memory Map of the image

  Image Entry point : 0x00000009

  Load Region LR_1 (Base: 0x00000000, Size: 0x000000b0, Max: 0xffffffff, ABSOLUTE)

    Execution Region ER_RO (Base: 0x00000000, Size: 0x0000009c, Max: 0xffffffff, ABSOLUTE)

    Base Addr    Size         Type   Attr      Idx    E Section Name        Object

    0x00000000   0x00000008   Data   RO            1    RESET               prog5_selection_sort.o
    0x00000008   0x00000094   Code   RO            2  * mycode              prog5_selection_sort.o


    Execution Region ER_RW (Base: 0x10000000, Size: 0x00000014, Max: 0xffffffff, ABSOLUTE)

    Base Addr    Size         Type   Attr      Idx    E Section Name        Object

    0x10000000   0x00000014   Data   RW            3    mydata              prog5_selection_sort.o


    Execution Region ER_ZI (Base: 0x10000014, Size: 0x00000000, Max: 0xffffffff, ABSOLUTE)

    **** No section assigned to this execution region ****


==============================================================================

Image component sizes


      Code (inc. data)   RO Data    RW Data    ZI Data      Debug   Object Name

       148         52          8         20          0        232   prog5_selection_sort.o

    ----------------------------------------------------------------------
       148         52          8         20          0        232   Object Totals
         0          0          0          0          0          0   (incl. Generated)
         0          0          0          0          0          0   (incl. Padding)

    ----------------------------------------------------------------------
         0          0          0          0          0          0   Library Totals
         0          0          0          0          0          0   (incl. Padding)

    ----------------------------------------------------------------------

==============================================================================


      Code (inc. data)   RO Data    RW Data    ZI Data      Debug   

       148         52          8         20          0        232   Grand Totals
       148         52          8         20          0        232   ELF Image Totals
       148         52          8         20          0          0   ROM Totals

==============================================================================

    Total RO  Size (Code + RO Data)                  156 (   0.15kB)
    Total RW  Size (RW Data + ZI Data)                20 (   0.02kB)
    Total ROM Size (Code + RO Data + RW Data)        176 (   0.17kB)

==============================================================================

