<html>
<body>
<pre>
<h1>µVision Build Log</h1>
<h2>Project:</h2>
D:\19_20_D1\Week7\Week7.uvproj
Project File Date:  02/19/2020

<h2>Output:</h2>
Build target 'Target 1'
compiling read_key_display_8bit_updown_counter.c...
read_key_display_8bit_updown_counter.c(18): warning:  #68-D: integer conversion resulted in a change of sign
                if(c==-1)
read_key_display_8bit_updown_counter.c(36): warning:  #1-D: last line of file ends without a newline
        */
read_key_display_8bit_updown_counter.c: 2 warnings, 0 errors
linking...
Program Size: Code=1300 RO-data=284 RW-data=20 ZI-data=612  
FromELF: creating hex file...
".\Week7.axf" - 0 Error(s), 2 Warning(s).
ata=20 ZI-data=612  
FromELF: creating hex file...
".\Week7.axf" - 0 Error(s), 3 Warning(s).
