


ARM Macro Assembler    Page 1 


    1 00000000                 AREA             RESET, DATA, READONLY
    2 00000000                 EXPORT           __Vectors
    3 00000000         __Vectors
    4 00000000 40001000        DCD              0X40001000
    5 00000004 00000000        DCD              Reset_Handler
    6 00000008                 ALIGN
    7 00000008                 AREA             mycode, CODE, READONLY
    8 00000000                 ENTRY
    9 00000000                 EXPORT           Reset_Handler
   10 00000000         Reset_Handler
   11 00000000 480F            LDR              R0,=SRC
   12 00000002 4910            LDR              R1,=DST
   13 00000004 F04F 030A       MOV              R3,#10
   14 00000008 F850 4B04 
                       UP      LDR              R4,[R0],#4
   15 0000000C F841 4B04       STR              R4,[R1],#4
   16 00000010 3B01            SUBS             R3,#1
   17 00000012 D1F9            BNE              UP
   18 00000014 00000001 
              00000002 
              00000003 
              00000004 
              00000005 
              00000006 
              00000007 
              00000008 
              00000009 
              0000000A SRC     DCD              1,2,3,4,5,6,7,8,9,10
   19 0000003C         STOP
   20 0000003C E7FE            B                STOP
   21 0000003E 00 00 00000000 
              00000000         AREA             mydata, DATA, READWRITE
   22 00000000 00000000 
                       DST     DCD              0
   23 00000004                 END
Command Line: --debug --xref --cpu=Cortex-M3 --apcs=interwork --depend=.\prg6.d
 -o.\prg6.o -IC:\Keil\ARM\RV31\INC -IC:\Keil\ARM\CMSIS\Include -IC:\Keil\ARM\In
c\NXP\LPC17xx --predefine="__EVAL SETA 1" --list=.\prg6.lst prg6.s



ARM Macro Assembler    Page 1 Alphabetic symbol ordering
Relocatable symbols

RESET 00000000

Symbol: RESET
   Definitions
      At line 1 in file prg6.s
   Uses
      None
Comment: RESET unused
__Vectors 00000000

Symbol: __Vectors
   Definitions
      At line 3 in file prg6.s
   Uses
      At line 2 in file prg6.s
Comment: __Vectors used once
2 symbols



ARM Macro Assembler    Page 1 Alphabetic symbol ordering
Relocatable symbols

Reset_Handler 00000000

Symbol: Reset_Handler
   Definitions
      At line 10 in file prg6.s
   Uses
      At line 5 in file prg6.s
      At line 9 in file prg6.s

SRC 00000014

Symbol: SRC
   Definitions
      At line 18 in file prg6.s
   Uses
      At line 11 in file prg6.s
Comment: SRC used once
STOP 0000003C

Symbol: STOP
   Definitions
      At line 19 in file prg6.s
   Uses
      At line 20 in file prg6.s
Comment: STOP used once
UP 00000008

Symbol: UP
   Definitions
      At line 14 in file prg6.s
   Uses
      At line 17 in file prg6.s
Comment: UP used once
mycode 00000000

Symbol: mycode
   Definitions
      At line 7 in file prg6.s
   Uses
      None
Comment: mycode unused
5 symbols



ARM Macro Assembler    Page 1 Alphabetic symbol ordering
Relocatable symbols

DST 00000000

Symbol: DST
   Definitions
      At line 22 in file prg6.s
   Uses
      At line 12 in file prg6.s
Comment: DST used once
mydata 00000000

Symbol: mydata
   Definitions
      At line 21 in file prg6.s
   Uses
      None
Comment: mydata unused
2 symbols
342 symbols in table
