


ARM Macro Assembler    Page 1 


    1 00000000                 AREA             RESET, DATA, READONLY
    2 00000000                 EXPORT           __Vectors
    3 00000000         __Vectors
    4 00000000 40001000        DCD              0X40001000
    5 00000004 00000000        DCD              Reset_Handler
    6 00000008                 ALIGN
    7 00000008                 AREA             mycode, CODE, READONLY
    8 00000000                 ENTRY
    9 00000000                 EXPORT           Reset_Handler
   10 00000000         Reset_Handler
   11 00000000 480B            LDR              R0,=SRC
   12 00000002 F04F 0401       LDR              R4,=1
   13 00000006 F04F 060A       MOV              R6,#10
   14 0000000A F04F 0705       MOV              R7,#5
   15 0000000E 6004    UP1     STR              R4,[R0]
   16 00000010 F104 0401       ADD              R4,#1
   17 00000014 F100 0004       ADD              R0,#4
   18 00000018 3E01            SUBS             R6,#1
   19 0000001A D1F8            BNE              UP1
   20 0000001C F101 0124       ADD              R1,#(Size-1)*4
   21 00000020 F850 2904 
                       UP2     LDR              R2,[R0],#-4
   22 00000024 F841 2904       STR              R2,[R1],#-4
   23 00000028 3E01            SUBS             R6,#1
   24 0000002A D1F9            BNE              UP2
   25 0000002C         STOP
   26 0000002C E7FE            B                STOP
   27 0000002E 0000000A 
                       Size    equ              10
   28 0000002E 00000002 
                       Ol      equ              2
   29 0000002E 00 00 00000000  AREA             mydata, DATA, READWRITE
   30 00000000 00000000 
                       SRC     DCD              0
   31 00000004                 END
Command Line: --debug --xref --cpu=Cortex-M3 --apcs=interwork --depend=.\prg7.d
 -o.\prg7.o -IC:\Keil\ARM\RV31\INC -IC:\Keil\ARM\CMSIS\Include -IC:\Keil\ARM\In
c\NXP\LPC17xx --predefine="__EVAL SETA 1" --list=.\prg7.lst prg7.s



ARM Macro Assembler    Page 1 Alphabetic symbol ordering
Relocatable symbols

RESET 00000000

Symbol: RESET
   Definitions
      At line 1 in file prg7.s
   Uses
      None
Comment: RESET unused
__Vectors 00000000

Symbol: __Vectors
   Definitions
      At line 3 in file prg7.s
   Uses
      At line 2 in file prg7.s
Comment: __Vectors used once
2 symbols



ARM Macro Assembler    Page 1 Alphabetic symbol ordering
Relocatable symbols

Reset_Handler 00000000

Symbol: Reset_Handler
   Definitions
      At line 10 in file prg7.s
   Uses
      At line 5 in file prg7.s
      At line 9 in file prg7.s

STOP 0000002C

Symbol: STOP
   Definitions
      At line 25 in file prg7.s
   Uses
      At line 26 in file prg7.s
Comment: STOP used once
UP1 0000000E

Symbol: UP1
   Definitions
      At line 15 in file prg7.s
   Uses
      At line 19 in file prg7.s
Comment: UP1 used once
UP2 00000020

Symbol: UP2
   Definitions
      At line 21 in file prg7.s
   Uses
      At line 24 in file prg7.s
Comment: UP2 used once
mycode 00000000

Symbol: mycode
   Definitions
      At line 7 in file prg7.s
   Uses
      None
Comment: mycode unused
5 symbols



ARM Macro Assembler    Page 1 Alphabetic symbol ordering
Relocatable symbols

SRC 00000000

Symbol: SRC
   Definitions
      At line 30 in file prg7.s
   Uses
      At line 11 in file prg7.s
Comment: SRC used once
mydata 00000000

Symbol: mydata
   Definitions
      At line 29 in file prg7.s
   Uses
      None
Comment: mydata unused
2 symbols



ARM Macro Assembler    Page 1 Alphabetic symbol ordering
Absolute symbols

Ol 00000002

Symbol: Ol
   Definitions
      At line 28 in file prg7.s
   Uses
      None
Comment: Ol unused
Size 0000000A

Symbol: Size
   Definitions
      At line 27 in file prg7.s
   Uses
      At line 20 in file prg7.s
Comment: Size used once
2 symbols
344 symbols in table
