


ARM Macro Assembler    Page 1 


    1 00000000                 AREA             RESET, DATA, READONLY
    2 00000000                 EXPORT           __Vectors
    3 00000000         __Vectors
    4 00000000 10001000        DCD              0x10001000
    5 00000004 00000000        DCD              Reset_Handler
    6 00000008                 ALIGN
    7 00000008                 AREA             mycode, CODE, READONLY
    8 00000000                 ENTRY
    9 00000000                 EXPORT           Reset_Handler
   10 00000000         Reset_Handler
   11 00000000 480A            LDR              R0, =SRC
   12 00000002 490B            LDR              R1, =DST
   13 00000004 6802            LDR              R2, [R0]
   14 00000006 F04F 0308       MOV              R3, #8
   15 0000000A F04F 040F       MOV              R4, #0XF
   16 0000000E F04F 0550       MOV              R5, #0X50
   17 00000012 4616    UP      MOV              R6, R2
   18 00000014 EA06 0604       AND              R6, R4
   19 00000018 EA46 0605       ORR              R6, R6, R5
   20 0000001C F841 6B04       STR              R6, [R1], #4
   21 00000020 3B01            SUBS             R3, #1
   22 00000022 D1F6            BNE              UP
   23 00000024         STOP
   24 00000024 E7FE            B                STOP
   25 00000026 00 00 00000009 
                       SRC     DCD              0X00000009
   26 0000002C 00000000 
              00000000         AREA             mydata, DATA, READWRITE
   27 00000000 00000000 
                       DST     DCD              0
   28 00000004                 END
Command Line: --debug --xref --cpu=Cortex-M3 --apcs=interwork --depend=.\prg3_u
npack_32bit_bcd_to_8_ascii.d -o.\prg3_unpack_32bit_bcd_to_8_ascii.o -IC:\Keil\A
RM\RV31\INC -IC:\Keil\ARM\CMSIS\Include -IC:\Keil\ARM\Inc\NXP\LPC17xx --predefi
ne="__EVAL SETA 1" --list=.\prg3_unpack_32bit_bcd_to_8_ascii.lst prg3_unpack_32
bit_bcd_to_8_ascii.s



ARM Macro Assembler    Page 1 Alphabetic symbol ordering
Relocatable symbols

RESET 00000000

Symbol: RESET
   Definitions
      At line 1 in file prg3_unpack_32bit_bcd_to_8_ascii.s
   Uses
      None
Comment: RESET unused
__Vectors 00000000

Symbol: __Vectors
   Definitions
      At line 3 in file prg3_unpack_32bit_bcd_to_8_ascii.s
   Uses
      At line 2 in file prg3_unpack_32bit_bcd_to_8_ascii.s
Comment: __Vectors used once
2 symbols



ARM Macro Assembler    Page 1 Alphabetic symbol ordering
Relocatable symbols

Reset_Handler 00000000

Symbol: Reset_Handler
   Definitions
      At line 10 in file prg3_unpack_32bit_bcd_to_8_ascii.s
   Uses
      At line 5 in file prg3_unpack_32bit_bcd_to_8_ascii.s
      At line 9 in file prg3_unpack_32bit_bcd_to_8_ascii.s

SRC 00000028

Symbol: SRC
   Definitions
      At line 25 in file prg3_unpack_32bit_bcd_to_8_ascii.s
   Uses
      At line 11 in file prg3_unpack_32bit_bcd_to_8_ascii.s
Comment: SRC used once
STOP 00000024

Symbol: STOP
   Definitions
      At line 23 in file prg3_unpack_32bit_bcd_to_8_ascii.s
   Uses
      At line 24 in file prg3_unpack_32bit_bcd_to_8_ascii.s
Comment: STOP used once
UP 00000012

Symbol: UP
   Definitions
      At line 17 in file prg3_unpack_32bit_bcd_to_8_ascii.s
   Uses
      At line 22 in file prg3_unpack_32bit_bcd_to_8_ascii.s
Comment: UP used once
mycode 00000000

Symbol: mycode
   Definitions
      At line 7 in file prg3_unpack_32bit_bcd_to_8_ascii.s
   Uses
      None
Comment: mycode unused
5 symbols



ARM Macro Assembler    Page 1 Alphabetic symbol ordering
Relocatable symbols

DST 00000000

Symbol: DST
   Definitions
      At line 27 in file prg3_unpack_32bit_bcd_to_8_ascii.s
   Uses
      At line 12 in file prg3_unpack_32bit_bcd_to_8_ascii.s
Comment: DST used once
mydata 00000000

Symbol: mydata
   Definitions
      At line 26 in file prg3_unpack_32bit_bcd_to_8_ascii.s
   Uses
      None
Comment: mydata unused
2 symbols
342 symbols in table
