ARM Linker, 5.03 [Build 76] [MDK-ARM Lite]

==============================================================================

Section Cross References

    prg5_mul_16bit_bcd_to_unpacked_bcd.o(RESET) refers to prg5_mul_16bit_bcd_to_unpacked_bcd.o(mycode) for Reset_Handler
    prg5_mul_16bit_bcd_to_unpacked_bcd.o(mycode) refers to prg5_mul_16bit_bcd_to_unpacked_bcd.o(mydata) for PROD


==============================================================================

Image Symbol Table

    Local Symbols

    Symbol Name                              Value     Ov Type        Size  Object(Section)

    RESET                                    0x00000000   Section        8  prg5_mul_16bit_bcd_to_unpacked_bcd.o(RESET)
    prg5_mul_16bit_bcd_to_unpacked_bcd.s     0x00000000   Number         0  prg5_mul_16bit_bcd_to_unpacked_bcd.o ABSOLUTE
    mycode                                   0x00000008   Section      184  prg5_mul_16bit_bcd_to_unpacked_bcd.o(mycode)
    N1                                       0x000000a0   Data           4  prg5_mul_16bit_bcd_to_unpacked_bcd.o(mycode)
    N2                                       0x000000a4   Data           4  prg5_mul_16bit_bcd_to_unpacked_bcd.o(mycode)
    mydata                                   0x10000000   Section       16  prg5_mul_16bit_bcd_to_unpacked_bcd.o(mydata)
    TEMP                                     0x10000000   Data           8  prg5_mul_16bit_bcd_to_unpacked_bcd.o(mydata)
    PROD                                     0x10000008   Data           8  prg5_mul_16bit_bcd_to_unpacked_bcd.o(mydata)

    Global Symbols

    Symbol Name                              Value     Ov Type        Size  Object(Section)

    BuildAttributes$$THM_ISAv4$P$D$K$B$S$PE$A:L22UL41UL21$X:L11$S22US41US21$IEEE1$IW$USESV6$~STKCKD$USESV7$~SHL$OSPACE$EBA8$STANDARDLIB$PRES8$EABIv2 0x00000000   Number         0  anon$$obj.o ABSOLUTE
    __Vectors                                0x00000000   Data           0  prg5_mul_16bit_bcd_to_unpacked_bcd.o(RESET)
    Reset_Handler                            0x00000009   Thumb Code     0  prg5_mul_16bit_bcd_to_unpacked_bcd.o(mycode)



==============================================================================

Memory Map of the image

  Image Entry point : 0x00000009

  Load Region LR_1 (Base: 0x00000000, Size: 0x000000d0, Max: 0xffffffff, ABSOLUTE)

    Execution Region ER_RO (Base: 0x00000000, Size: 0x000000c0, Max: 0xffffffff, ABSOLUTE)

    Base Addr    Size         Type   Attr      Idx    E Section Name        Object

    0x00000000   0x00000008   Data   RO            1    RESET               prg5_mul_16bit_bcd_to_unpacked_bcd.o
    0x00000008   0x000000b8   Code   RO            2  * mycode              prg5_mul_16bit_bcd_to_unpacked_bcd.o


    Execution Region ER_RW (Base: 0x10000000, Size: 0x00000010, Max: 0xffffffff, ABSOLUTE)

    Base Addr    Size         Type   Attr      Idx    E Section Name        Object

    0x10000000   0x00000010   Data   RW            3    mydata              prg5_mul_16bit_bcd_to_unpacked_bcd.o


    Execution Region ER_ZI (Base: 0x10000010, Size: 0x00000000, Max: 0xffffffff, ABSOLUTE)

    **** No section assigned to this execution region ****


==============================================================================

Image component sizes


      Code (inc. data)   RO Data    RW Data    ZI Data      Debug   Object Name

       184         32          8         16          0        276   prg5_mul_16bit_bcd_to_unpacked_bcd.o

    ----------------------------------------------------------------------
       184         32          8         16          0        276   Object Totals
         0          0          0          0          0          0   (incl. Generated)
         0          0          0          0          0          0   (incl. Padding)

    ----------------------------------------------------------------------
         0          0          0          0          0          0   Library Totals
         0          0          0          0          0          0   (incl. Padding)

    ----------------------------------------------------------------------

==============================================================================


      Code (inc. data)   RO Data    RW Data    ZI Data      Debug   

       184         32          8         16          0        276   Grand Totals
       184         32          8         16          0        276   ELF Image Totals
       184         32          8         16          0          0   ROM Totals

==============================================================================

    Total RO  Size (Code + RO Data)                  192 (   0.19kB)
    Total RW  Size (RW Data + ZI Data)                16 (   0.02kB)
    Total ROM Size (Code + RO Data + RW Data)        208 (   0.20kB)

==============================================================================

