


ARM Macro Assembler    Page 1 


    1 00000000                 AREA             RESET, DATA, READONLY
    2 00000000                 EXPORT           __Vectors
    3 00000000         __Vectors
    4 00000000 10001000        DCD              0x10001000
    5 00000004 00000000        DCD              Reset_Handler
    6 00000008                 ALIGN
    7 00000008                 AREA             mycode, CODE, READONLY
    8 00000000                 ENTRY
    9 00000000                 EXPORT           Reset_Handler
   10 00000000         Reset_Handler
   11 00000000 4808            LDR              R0, =SRC
   12 00000002 4A09            LDR              R2, =DST
   13 00000004 F04F 0502       MOV              R5, #2
   14 00000008 F810 1B01 
                       UP      LDRB             R1, [R0], #1
   15 0000000C F810 4B01       LDRB             R4, [R0], #1
   16 00000010 EA4F 1101       LSL              R1, #4
   17 00000014 EB01 0304       ADD              R3, R1, R4
   18 00000018 F802 3B01       STRB             R3, [R2], #1
   19 0000001C 3D01            SUBS             R5, #1
   20 0000001E D1F3            BNE              UP
   21 00000020         STOP
   22 00000020 E7FE            B                STOP
   23 00000022 01 02   SRC     DCB              1,2
   24 00000024 00000000 
              00000000         AREA             mydata, DATA, READWRITE
   25 00000000 00      DST     DCB              0
   26 00000001                 END
Command Line: --debug --xref --cpu=Cortex-M3 --apcs=interwork --depend=.\prog6_
32bit_gcd_to_unpacked.d -o.\prog6_32bit_gcd_to_unpacked.o -IC:\Keil\ARM\RV31\IN
C -IC:\Keil\ARM\CMSIS\Include -IC:\Keil\ARM\Inc\NXP\LPC17xx --predefine="__EVAL
 SETA 1" --list=.\prog6_32bit_gcd_to_unpacked.lst prog6_32bit_gcd_to_unpacked.s



ARM Macro Assembler    Page 1 Alphabetic symbol ordering
Relocatable symbols

RESET 00000000

Symbol: RESET
   Definitions
      At line 1 in file prog6_32bit_gcd_to_unpacked.s
   Uses
      None
Comment: RESET unused
__Vectors 00000000

Symbol: __Vectors
   Definitions
      At line 3 in file prog6_32bit_gcd_to_unpacked.s
   Uses
      At line 2 in file prog6_32bit_gcd_to_unpacked.s
Comment: __Vectors used once
2 symbols



ARM Macro Assembler    Page 1 Alphabetic symbol ordering
Relocatable symbols

Reset_Handler 00000000

Symbol: Reset_Handler
   Definitions
      At line 10 in file prog6_32bit_gcd_to_unpacked.s
   Uses
      At line 5 in file prog6_32bit_gcd_to_unpacked.s
      At line 9 in file prog6_32bit_gcd_to_unpacked.s

SRC 00000022

Symbol: SRC
   Definitions
      At line 23 in file prog6_32bit_gcd_to_unpacked.s
   Uses
      At line 11 in file prog6_32bit_gcd_to_unpacked.s
Comment: SRC used once
STOP 00000020

Symbol: STOP
   Definitions
      At line 21 in file prog6_32bit_gcd_to_unpacked.s
   Uses
      At line 22 in file prog6_32bit_gcd_to_unpacked.s
Comment: STOP used once
UP 00000008

Symbol: UP
   Definitions
      At line 14 in file prog6_32bit_gcd_to_unpacked.s
   Uses
      At line 20 in file prog6_32bit_gcd_to_unpacked.s
Comment: UP used once
mycode 00000000

Symbol: mycode
   Definitions
      At line 7 in file prog6_32bit_gcd_to_unpacked.s
   Uses
      None
Comment: mycode unused
5 symbols



ARM Macro Assembler    Page 1 Alphabetic symbol ordering
Relocatable symbols

DST 00000000

Symbol: DST
   Definitions
      At line 25 in file prog6_32bit_gcd_to_unpacked.s
   Uses
      At line 12 in file prog6_32bit_gcd_to_unpacked.s
Comment: DST used once
mydata 00000000

Symbol: mydata
   Definitions
      At line 24 in file prog6_32bit_gcd_to_unpacked.s
   Uses
      None
Comment: mydata unused
2 symbols
342 symbols in table
