ARM Linker, 5.03 [Build 76] [MDK-ARM Lite]

==============================================================================

Section Cross References

    prog7_fibonacci_series.o(RESET) refers to prog7_fibonacci_series.o(mycode) for Reset_Handler
    prog7_fibonacci_series.o(mycode) refers to prog7_fibonacci_series.o(mydata) for FIB


==============================================================================

Image Symbol Table

    Local Symbols

    Symbol Name                              Value     Ov Type        Size  Object(Section)

    RESET                                    0x00000000   Section        8  prog7_fibonacci_series.o(RESET)
    prog7_fibonacci_series.s                 0x00000000   Number         0  prog7_fibonacci_series.o ABSOLUTE
    mycode                                   0x00000008   Section       40  prog7_fibonacci_series.o(mycode)
    mydata                                   0x10000000   Section        4  prog7_fibonacci_series.o(mydata)
    FIB                                      0x10000000   Data           4  prog7_fibonacci_series.o(mydata)

    Global Symbols

    Symbol Name                              Value     Ov Type        Size  Object(Section)

    BuildAttributes$$THM_ISAv4$P$D$K$B$S$PE$A:L22UL41UL21$X:L11$S22US41US21$IEEE1$IW$USESV6$~STKCKD$USESV7$~SHL$OSPACE$EBA8$STANDARDLIB$PRES8$EABIv2 0x00000000   Number         0  anon$$obj.o ABSOLUTE
    __Vectors                                0x00000000   Data           0  prog7_fibonacci_series.o(RESET)
    Reset_Handler                            0x00000009   Thumb Code     0  prog7_fibonacci_series.o(mycode)



==============================================================================

Memory Map of the image

  Image Entry point : 0x00000009

  Load Region LR_1 (Base: 0x00000000, Size: 0x00000034, Max: 0xffffffff, ABSOLUTE)

    Execution Region ER_RO (Base: 0x00000000, Size: 0x00000030, Max: 0xffffffff, ABSOLUTE)

    Base Addr    Size         Type   Attr      Idx    E Section Name        Object

    0x00000000   0x00000008   Data   RO            1    RESET               prog7_fibonacci_series.o
    0x00000008   0x00000028   Code   RO            2  * mycode              prog7_fibonacci_series.o


    Execution Region ER_RW (Base: 0x10000000, Size: 0x00000004, Max: 0xffffffff, ABSOLUTE)

    Base Addr    Size         Type   Attr      Idx    E Section Name        Object

    0x10000000   0x00000004   Data   RW            3    mydata              prog7_fibonacci_series.o


    Execution Region ER_ZI (Base: 0x10000004, Size: 0x00000000, Max: 0xffffffff, ABSOLUTE)

    **** No section assigned to this execution region ****


==============================================================================

Image component sizes


      Code (inc. data)   RO Data    RW Data    ZI Data      Debug   Object Name

        40          6          8          4          0        216   prog7_fibonacci_series.o

    ----------------------------------------------------------------------
        40          6          8          4          0        216   Object Totals
         0          0          0          0          0          0   (incl. Generated)
         0          0          0          0          0          0   (incl. Padding)

    ----------------------------------------------------------------------
         0          0          0          0          0          0   Library Totals
         0          0          0          0          0          0   (incl. Padding)

    ----------------------------------------------------------------------

==============================================================================


      Code (inc. data)   RO Data    RW Data    ZI Data      Debug   

        40          6          8          4          0        216   Grand Totals
        40          6          8          4          0        216   ELF Image Totals
        40          6          8          4          0          0   ROM Totals

==============================================================================

    Total RO  Size (Code + RO Data)                   48 (   0.05kB)
    Total RW  Size (RW Data + ZI Data)                 4 (   0.00kB)
    Total ROM Size (Code + RO Data + RW Data)         52 (   0.05kB)

==============================================================================

