<html>
<body>
<pre>
<h1>µVision Build Log</h1>
<h2>Project:</h2>
D:\19_D1\Week3\Week3.uvproj
Project File Date:  01/22/2020

<h2>Output:</h2>
Build target 'Target 1'
linking...
Program Size: Code=40 RO-data=8 RW-data=4 ZI-data=0  
".\Week3.axf" - 0 Error(s), 0 Warning(s).
g at address 0x22
linking...
Program Size: Code=40 RO-data=8 RW-data=4 ZI-data=0  
".\Week3.axf" - 0 Error(s), 1 Warning(s).
.axf" - 1 Error(s), 1 Warning(s).
Target not created
s), 1 Warning(s).
assembling prog5_hexa_to_unpacked_ascii.s...
prog5_hexa_to_unpacked_ascii.s(30): warning: A1581W: Added 2 bytes of padding at address 0x32
"prog5_hexa_to_unpacked_ascii.s" - 0 Error(s), 1 Warning(s).
